// Jest Snapshot v1, https://goo.gl/fbAQLP

exports[`<Clock /> should render the contents of the clock component 1`] = `
.c2 {
  display: -webkit-box;
  display: -webkit-flex;
  display: -ms-flexbox;
  display: flex;
  font-size: 18px;
  -webkit-box-pack: end;
  -webkit-justify-content: flex-end;
  -ms-flex-pack: end;
  justify-content: flex-end;
}

.c1 {
  display: -webkit-box;
  display: -webkit-flex;
  display: -ms-flexbox;
  display: flex;
  font-size: 18px;
  -webkit-box-pack: end;
  -webkit-justify-content: flex-end;
  -ms-flex-pack: end;
  justify-content: flex-end;
}

.c0 {
  display: -webkit-box;
  display: -webkit-flex;
  display: -ms-flexbox;
  display: flex;
  font-size: 48px;
  font-family: 'Raleway';
  -webkit-box-pack: end;
  -webkit-justify-content: flex-end;
  -ms-flex-pack: end;
  justify-content: flex-end;
  margin-bottom: 12px;
}

<div>
  <div
    className="c0"
  >
    04:00:00
  </div>
  <div
    className="c1"
  >
    Wednesday
  </div>
  <div
    className="c2"
  >
    Dec 31st, 1969
  </div>
</div>
`;
